[     576ms] [ERROR] Failed to fetch RSC payload for https://lead-engine-henna.vercel.app/prospecting-os/admin/agents. Falling back to browser navigation. TypeError: Failed to fetch
    at s (https://lead-engine-henna.vercel.app/prospecting-os/_next/static/chunks/7023-69f9a1d16a93f5c2.js:1:45523)
    at https://lead-engine-henna.vercel.app/prospecting-os/_next/static/chunks/7023-69f9a1d16a93f5c2.js:1:59072
    at Object.u [as task] (https://lead-engine-henna.vercel.app/prospecting-os/_next/static/chunks/7023-69f9a1d16a93f5c2.js:1:31898)
    at c.s (https://lead-engine-henna.vercel.app/prospecting-os/_next/static/chunks/7023-69f9a1d16a93f5c2.js:1:32603)
    at c.enqueue (https://lead-engine-henna.vercel.app/prospecting-os/_next/static/chunks/7023-69f9a1d16a93f5c2.js:1:32028)
    at s (https://lead-engine-henna.vercel.app/prospecting-os/_next/static/chunks/7023-69f9a1d16a93f5c2.js:1:59035)
    at i (https://lead-engine-henna.vercel.app/prospecting-os/_next/static/chunks/7023-69f9a1d16a93f5c2.js:1:58575)
    at a (https://lead-engine-henna.vercel.app/prospecting-os/_next/static/chunks/7023-69f9a1d16a93f5c2.js:1:65399)
    at f (https://lead-engine-henna.vercel.app/prospecting-os/_next/static/chunks/7023-69f9a1d16a93f5c2.js:1:75294)
    at Object.action (https://lead-engine-henna.vercel.app/prospecting-os/_next/static/chunks/7023-69f9a1d16a93f5c2.js:2:7102) @ https://lead-engine-henna.vercel.app/prospecting-os/_next/static/chunks/7023-69f9a1d16a93f5c2.js:0
[     577ms] [ERROR] Failed to fetch RSC payload for https://lead-engine-henna.vercel.app/prospecting-os/admin/agents/pipeline-manager. Falling back to browser navigation. TypeError: Failed to fetch
    at s (https://lead-engine-henna.vercel.app/prospecting-os/_next/static/chunks/7023-69f9a1d16a93f5c2.js:1:45523)
    at https://lead-engine-henna.vercel.app/prospecting-os/_next/static/chunks/7023-69f9a1d16a93f5c2.js:1:59072
    at Object.u [as task] (https://lead-engine-henna.vercel.app/prospecting-os/_next/static/chunks/7023-69f9a1d16a93f5c2.js:1:31898)
    at c.s (https://lead-engine-henna.vercel.app/prospecting-os/_next/static/chunks/7023-69f9a1d16a93f5c2.js:1:32603)
    at c.enqueue (https://lead-engine-henna.vercel.app/prospecting-os/_next/static/chunks/7023-69f9a1d16a93f5c2.js:1:32028)
    at s (https://lead-engine-henna.vercel.app/prospecting-os/_next/static/chunks/7023-69f9a1d16a93f5c2.js:1:59035)
    at i (https://lead-engine-henna.vercel.app/prospecting-os/_next/static/chunks/7023-69f9a1d16a93f5c2.js:1:58575)
    at a (https://lead-engine-henna.vercel.app/prospecting-os/_next/static/chunks/7023-69f9a1d16a93f5c2.js:1:65399)
    at f (https://lead-engine-henna.vercel.app/prospecting-os/_next/static/chunks/7023-69f9a1d16a93f5c2.js:1:75294)
    at Object.action (https://lead-engine-henna.vercel.app/prospecting-os/_next/static/chunks/7023-69f9a1d16a93f5c2.js:2:7102) @ https://lead-engine-henna.vercel.app/prospecting-os/_next/static/chunks/7023-69f9a1d16a93f5c2.js:0
[     578ms] [ERROR] Failed to fetch RSC payload for https://lead-engine-henna.vercel.app/prospecting-os/admin/agents/icp-analyst. Falling back to browser navigation. TypeError: Failed to fetch
    at s (https://lead-engine-henna.vercel.app/prospecting-os/_next/static/chunks/7023-69f9a1d16a93f5c2.js:1:45523)
    at https://lead-engine-henna.vercel.app/prospecting-os/_next/static/chunks/7023-69f9a1d16a93f5c2.js:1:59072
    at Object.u [as task] (https://lead-engine-henna.vercel.app/prospecting-os/_next/static/chunks/7023-69f9a1d16a93f5c2.js:1:31898)
    at c.s (https://lead-engine-henna.vercel.app/prospecting-os/_next/static/chunks/7023-69f9a1d16a93f5c2.js:1:32603)
    at Object.u [as task] (https://lead-engine-henna.vercel.app/prospecting-os/_next/static/chunks/7023-69f9a1d16a93f5c2.js:1:31960) @ https://lead-engine-henna.vercel.app/prospecting-os/_next/static/chunks/7023-69f9a1d16a93f5c2.js:0
[     578ms] [ERROR] Failed to fetch RSC payload for https://lead-engine-henna.vercel.app/prospecting-os/admin/agents/outreach-agent. Falling back to browser navigation. TypeError: Failed to fetch
    at s (https://lead-engine-henna.vercel.app/prospecting-os/_next/static/chunks/7023-69f9a1d16a93f5c2.js:1:45523)
    at https://lead-engine-henna.vercel.app/prospecting-os/_next/static/chunks/7023-69f9a1d16a93f5c2.js:1:59072
    at Object.u [as task] (https://lead-engine-henna.vercel.app/prospecting-os/_next/static/chunks/7023-69f9a1d16a93f5c2.js:1:31898)
    at c.s (https://lead-engine-henna.vercel.app/prospecting-os/_next/static/chunks/7023-69f9a1d16a93f5c2.js:1:32603)
    at c.enqueue (https://lead-engine-henna.vercel.app/prospecting-os/_next/static/chunks/7023-69f9a1d16a93f5c2.js:1:32028)
    at s (https://lead-engine-henna.vercel.app/prospecting-os/_next/static/chunks/7023-69f9a1d16a93f5c2.js:1:59035)
    at i (https://lead-engine-henna.vercel.app/prospecting-os/_next/static/chunks/7023-69f9a1d16a93f5c2.js:1:58575)
    at a (https://lead-engine-henna.vercel.app/prospecting-os/_next/static/chunks/7023-69f9a1d16a93f5c2.js:1:65399)
    at f (https://lead-engine-henna.vercel.app/prospecting-os/_next/static/chunks/7023-69f9a1d16a93f5c2.js:1:75294)
    at Object.action (https://lead-engine-henna.vercel.app/prospecting-os/_next/static/chunks/7023-69f9a1d16a93f5c2.js:2:7102) @ https://lead-engine-henna.vercel.app/prospecting-os/_next/static/chunks/7023-69f9a1d16a93f5c2.js:0
[     579ms] [ERROR] Failed to fetch RSC payload for https://lead-engine-henna.vercel.app/prospecting-os/admin/agents/client-reporter. Falling back to browser navigation. TypeError: Failed to fetch
    at s (https://lead-engine-henna.vercel.app/prospecting-os/_next/static/chunks/7023-69f9a1d16a93f5c2.js:1:45523)
    at https://lead-engine-henna.vercel.app/prospecting-os/_next/static/chunks/7023-69f9a1d16a93f5c2.js:1:59072
    at Object.u [as task] (https://lead-engine-henna.vercel.app/prospecting-os/_next/static/chunks/7023-69f9a1d16a93f5c2.js:1:31898)
    at c.s (https://lead-engine-henna.vercel.app/prospecting-os/_next/static/chunks/7023-69f9a1d16a93f5c2.js:1:32603)
    at Object.u [as task] (https://lead-engine-henna.vercel.app/prospecting-os/_next/static/chunks/7023-69f9a1d16a93f5c2.js:1:31960) @ https://lead-engine-henna.vercel.app/prospecting-os/_next/static/chunks/7023-69f9a1d16a93f5c2.js:0
