[    2030ms] Error: Minified React error #418; visit https://react.dev/errors/418 for the full message or use the non-minified dev environment for full errors and additional helpful warnings.
    at t5 (https://app.flow-forges.com/prospecting-os/_next/static/chunks/fd9d1056-badbfe19339cd575.js:1:24673)
    at t9 (https://app.flow-forges.com/prospecting-os/_next/static/chunks/fd9d1056-badbfe19339cd575.js:1:25045)
    at https://app.flow-forges.com/prospecting-os/_next/static/chunks/fd9d1056-badbfe19339cd575.js:1:99413
    at iu (https://app.flow-forges.com/prospecting-os/_next/static/chunks/fd9d1056-badbfe19339cd575.js:1:103870)
    at ia (https://app.flow-forges.com/prospecting-os/_next/static/chunks/fd9d1056-badbfe19339cd575.js:1:95226)
    at https://app.flow-forges.com/prospecting-os/_next/static/chunks/fd9d1056-badbfe19339cd575.js:1:91091
    at https://app.flow-forges.com/prospecting-os/_next/static/chunks/fd9d1056-badbfe19339cd575.js:1:91098
    at oZ (https://app.flow-forges.com/prospecting-os/_next/static/chunks/fd9d1056-badbfe19339cd575.js:1:91203)
    at MessagePort.T (https://app.flow-forges.com/prospecting-os/_next/static/chunks/7023-69f9a1d16a93f5c2.js:1:84334)
[    2031ms] Error: Minified React error #418; visit https://react.dev/errors/418 for the full message or use the non-minified dev environment for full errors and additional helpful warnings.
    at t5 (https://app.flow-forges.com/prospecting-os/_next/static/chunks/fd9d1056-badbfe19339cd575.js:1:24673)
    at t9 (https://app.flow-forges.com/prospecting-os/_next/static/chunks/fd9d1056-badbfe19339cd575.js:1:25045)
    at https://app.flow-forges.com/prospecting-os/_next/static/chunks/fd9d1056-badbfe19339cd575.js:1:99413
    at iu (https://app.flow-forges.com/prospecting-os/_next/static/chunks/fd9d1056-badbfe19339cd575.js:1:103870)
    at ia (https://app.flow-forges.com/prospecting-os/_next/static/chunks/fd9d1056-badbfe19339cd575.js:1:95226)
    at https://app.flow-forges.com/prospecting-os/_next/static/chunks/fd9d1056-badbfe19339cd575.js:1:91091
    at https://app.flow-forges.com/prospecting-os/_next/static/chunks/fd9d1056-badbfe19339cd575.js:1:91098
    at oZ (https://app.flow-forges.com/prospecting-os/_next/static/chunks/fd9d1056-badbfe19339cd575.js:1:91203)
    at MessagePort.T (https://app.flow-forges.com/prospecting-os/_next/static/chunks/7023-69f9a1d16a93f5c2.js:1:84334)
[    2031ms] Error: Minified React error #418; visit https://react.dev/errors/418 for the full message or use the non-minified dev environment for full errors and additional helpful warnings.
    at t5 (https://app.flow-forges.com/prospecting-os/_next/static/chunks/fd9d1056-badbfe19339cd575.js:1:24673)
    at iZ (https://app.flow-forges.com/prospecting-os/_next/static/chunks/fd9d1056-badbfe19339cd575.js:1:120538)
    at ia (https://app.flow-forges.com/prospecting-os/_next/static/chunks/fd9d1056-badbfe19339cd575.js:1:95165)
    at https://app.flow-forges.com/prospecting-os/_next/static/chunks/fd9d1056-badbfe19339cd575.js:1:91091
    at https://app.flow-forges.com/prospecting-os/_next/static/chunks/fd9d1056-badbfe19339cd575.js:1:91098
    at oZ (https://app.flow-forges.com/prospecting-os/_next/static/chunks/fd9d1056-badbfe19339cd575.js:1:91203)
    at MessagePort.T (https://app.flow-forges.com/prospecting-os/_next/static/chunks/7023-69f9a1d16a93f5c2.js:1:84334)
[    2031ms] Error: Minified React error #423; visit https://react.dev/errors/423 for the full message or use the non-minified dev environment for full errors and additional helpful warnings.
    at iZ (https://app.flow-forges.com/prospecting-os/_next/static/chunks/fd9d1056-badbfe19339cd575.js:1:118352)
    at ia (https://app.flow-forges.com/prospecting-os/_next/static/chunks/fd9d1056-badbfe19339cd575.js:1:95165)
    at https://app.flow-forges.com/prospecting-os/_next/static/chunks/fd9d1056-badbfe19339cd575.js:1:94987
    at il (https://app.flow-forges.com/prospecting-os/_next/static/chunks/fd9d1056-badbfe19339cd575.js:1:94994)
    at oJ (https://app.flow-forges.com/prospecting-os/_next/static/chunks/fd9d1056-badbfe19339cd575.js:1:92350)
    at oZ (https://app.flow-forges.com/prospecting-os/_next/static/chunks/fd9d1056-badbfe19339cd575.js:1:91769)
    at MessagePort.T (https://app.flow-forges.com/prospecting-os/_next/static/chunks/7023-69f9a1d16a93f5c2.js:1:84334)
[    2038ms] [WARNING] GoTrueClient@sb-tbsqpnqzpbnilifhwvgr-auth-token:1 (2.105.4) 2026-05-17T04:40:14.660Z Multiple GoTrueClient instances detected in the same browser context. It is not an error, but this should be avoided as it may produce undefined behavior when used concurrently under the same storage key. @ https://app.flow-forges.com/prospecting-os/_next/static/chunks/44530001-d185e64b8c37c63a.js:0
[    3482ms] [ERROR] Failed to load resource: the server responded with a status of 401 () @ https://tbsqpnqzpbnilifhwvgr.supabase.co/rest/v1/leads?on_conflict=id&columns=%22id%22%2C%22name%22%2C%22title%22%2C%22company%22%2C%22industry%22%2C%22location%22%2C%22email%22%2C%22email_status%22%2C%22linkedin%22%2C%22website%22%2C%22company_size%22%2C%22score%22%2C%22source%22%2C%22saved_at%22%2C%22fetched_at%22%2C%22tags%22:0
[    3483ms] [ERROR] Failed to load resource: the server responded with a status of 500 () @ https://tbsqpnqzpbnilifhwvgr.supabase.co/rest/v1/profiles?select=role&id=eq.583da756-b93a-435f-973b-8f83b5999f87:0
[    3484ms] [ERROR] Failed to load from Supabase: {code: 42501, details: null, hint: null, message: new row violates row-level security policy for table "leads"} @ https://app.flow-forges.com/prospecting-os/_next/static/chunks/7023-69f9a1d16a93f5c2.js:0
[    4725ms] [ERROR] Failed to load resource: the server responded with a status of 401 () @ https://app.flow-forges.com/prospecting-os/api/analytics/business:0
